<!doctype html public "-//w3c//dtd html 4.0 transitional//en">
<html><head>
<title>Static Call Graph - [.\Objects\lab_4.axf]</title></head>
<body><HR>
<H1>Static Call Graph for image .\Objects\lab_4.axf</H1><HR>
<BR><P>#&#060CALLGRAPH&#062# ARM Linker, 5060750: Last Updated: Thu May 26 14:49:14 2022
<BR><P>
<H3>Maximum Stack Usage =          0 bytes + Unknown(Cycles)</H3><H3>
Call chain for Maximum Stack Depth:</H3>

<P>
<H3>
Mutually Recursive functions
</H3> <LI><a href="#[0]">COUNTFUNC</a>&nbsp;&nbsp;&nbsp;&rArr;&nbsp;&nbsp;&nbsp;<a href="#[0]">COUNTFUNC</a><BR>
</UL>
<P>
<H3>
Global Symbols
</H3><P>
<H3>
Local Symbols
</H3>
<P><STRONG><a name="[0]"></a>COUNTFUNC</STRONG> (ARM, 84 bytes, Stack size 0 bytes, countvowelstwo.o(CountVowelsTwo), UNUSED, KEPT)
<BR><BR>[Calls]<UL><LI><a href="#[0]">&gt;&gt;</a>&nbsp;&nbsp;&nbsp;COUNTFUNC
</UL>
<BR>[Called By]<UL><LI><a href="#[0]">&gt;&gt;</a>&nbsp;&nbsp;&nbsp;COUNTFUNC
</UL>
<P>
<H3>
Undefined Global Symbols
</H3><HR></body></html>
